\BOOKMARK [1][-]{section.1}{\376\377\000I\000n\000t\000r\000o\000d\000u\000c\000t\000i\000o\000n}{}% 1
\BOOKMARK [1][-]{section.2}{\376\377\000R\000e\000l\000a\000t\000e\000d\000\040\000W\000o\000r\000k}{}% 2
\BOOKMARK [1][-]{section.3}{\376\377\000C\000o\000l\000l\000u\000s\000i\000o\000n\000\040\000P\000r\000e\000d\000i\000c\000a\000t\000e\000s}{}% 3
\BOOKMARK [1][-]{section.4}{\376\377\000C\000e\000r\000t\000i\000f\000i\000c\000a\000t\000i\000o\000n\000\040\000A\000l\000g\000o\000r\000i\000t\000h\000m}{}% 4
\BOOKMARK [1][-]{section.5}{\376\377\000D\000i\000f\000f\000e\000r\000e\000n\000t\000i\000a\000l\000\040\000C\000o\000l\000l\000u\000s\000i\000o\000n\000\040\000A\000n\000a\000l\000y\000s\000i\000s}{}% 5
\BOOKMARK [1][-]{section.6}{\376\377\000S\000y\000s\000t\000e\000m\000\040\000A\000r\000c\000h\000i\000t\000e\000c\000t\000u\000r\000e\000\040\000a\000n\000d\000\040\000I\000n\000t\000e\000g\000r\000a\000t\000i\000o\000n}{}% 6
\BOOKMARK [1][-]{section.7}{\376\377\000E\000v\000a\000l\000u\000a\000t\000i\000o\000n}{}% 7
\BOOKMARK [2][-]{subsection.7.1}{\376\377\000E\000x\000p\000e\000r\000i\000m\000e\000n\000t\000a\000l\000\040\000S\000e\000t\000u\000p}{section.7}% 8
\BOOKMARK [2][-]{subsection.7.2}{\376\377\000B\000a\000s\000e\000l\000i\000n\000e\000s}{section.7}% 9
\BOOKMARK [2][-]{subsection.7.3}{\376\377\000D\000e\000t\000e\000c\000t\000i\000o\000n\000\040\000A\000c\000c\000u\000r\000a\000c\000y}{section.7}% 10
\BOOKMARK [2][-]{subsection.7.4}{\376\377\000F\000a\000l\000s\000e\000\040\000P\000o\000s\000i\000t\000i\000v\000e\000\040\000a\000n\000d\000\040\000N\000e\000g\000a\000t\000i\000v\000e\000\040\000A\000n\000a\000l\000y\000s\000i\000s}{section.7}% 11
\BOOKMARK [2][-]{subsection.7.5}{\376\377\000C\000e\000r\000t\000i\000f\000i\000c\000a\000t\000e\000\040\000G\000e\000n\000e\000r\000a\000t\000i\000o\000n\000\040\000P\000e\000r\000f\000o\000r\000m\000a\000n\000c\000e}{section.7}% 12
\BOOKMARK [2][-]{subsection.7.6}{\376\377\000R\000O\000C\000\040\000A\000n\000a\000l\000y\000s\000i\000s}{section.7}% 13
\BOOKMARK [2][-]{subsection.7.7}{\376\377\000A\000b\000l\000a\000t\000i\000o\000n\000\040\000S\000t\000u\000d\000y}{section.7}% 14
\BOOKMARK [2][-]{subsection.7.8}{\376\377\000N\000i\000c\000h\000e\000\040\000A\000n\000a\000l\000y\000s\000i\000s\000:\000\040\000W\000h\000e\000r\000e\000\040\000C\000e\000r\000t\000i\000f\000i\000e\000d\000\040\000D\000e\000t\000e\000c\000t\000i\000o\000n\000\040\000M\000a\000t\000t\000e\000r\000s}{section.7}% 15
\BOOKMARK [2][-]{subsection.7.9}{\376\377\000C\000a\000s\000e\000\040\000S\000t\000u\000d\000y\000:\000\040\000A\000l\000g\000o\000r\000i\000t\000h\000m\000i\000c\000\040\000P\000r\000i\000c\000i\000n\000g\000\040\000i\000n\000\040\000R\000i\000d\000e\000-\000S\000h\000a\000r\000i\000n\000g}{section.7}% 16
\BOOKMARK [2][-]{subsection.7.10}{\376\377\000E\000x\000t\000e\000n\000d\000e\000d\000\040\000B\000a\000s\000e\000l\000i\000n\000e\000\040\000C\000o\000m\000p\000a\000r\000i\000s\000o\000n}{section.7}% 17
\BOOKMARK [2][-]{subsection.7.11}{\376\377\000S\000e\000n\000s\000i\000t\000i\000v\000i\000t\000y\000\040\000t\000o\000\040\000A\000g\000e\000n\000t\000\040\000L\000e\000a\000r\000n\000i\000n\000g\000\040\000A\000l\000g\000o\000r\000i\000t\000h\000m}{section.7}% 18
\BOOKMARK [2][-]{subsection.7.12}{\376\377\000C\000e\000r\000t\000i\000f\000i\000c\000a\000t\000e\000\040\000C\000h\000e\000c\000k\000i\000n\000g\000\040\000O\000v\000e\000r\000h\000e\000a\000d}{section.7}% 19
\BOOKMARK [2][-]{subsection.7.13}{\376\377\000C\000o\000n\000v\000e\000r\000g\000e\000n\000c\000e\000\040\000A\000n\000a\000l\000y\000s\000i\000s}{section.7}% 20
\BOOKMARK [2][-]{subsection.7.14}{\376\377\000M\000u\000l\000t\000i\000-\000M\000a\000r\000k\000e\000t\000\040\000A\000n\000a\000l\000y\000s\000i\000s}{section.7}% 21
\BOOKMARK [2][-]{subsection.7.15}{\376\377\000C\000o\000m\000p\000a\000r\000i\000s\000o\000n\000\040\000w\000i\000t\000h\000\040\000F\000o\000r\000m\000a\000l\000\040\000M\000e\000t\000h\000o\000d\000s}{section.7}% 22
\BOOKMARK [2][-]{subsection.7.16}{\376\377\000E\000m\000p\000i\000r\000i\000c\000a\000l\000\040\000V\000a\000l\000i\000d\000a\000t\000i\000o\000n\000\040\000o\000f\000\040\000C\000o\000n\000j\000e\000c\000t\000u\000r\000e\000\040\000C\0003}{section.7}% 23
\BOOKMARK [1][-]{section.8}{\376\377\000T\000h\000r\000e\000a\000t\000s\000\040\000t\000o\000\040\000V\000a\000l\000i\000d\000i\000t\000y}{}% 24
\BOOKMARK [1][-]{section.9}{\376\377\000I\000m\000p\000l\000e\000m\000e\000n\000t\000a\000t\000i\000o\000n\000\040\000D\000e\000t\000a\000i\000l\000s}{}% 25
\BOOKMARK [2][-]{subsection.9.1}{\376\377\000A\000d\000d\000r\000e\000s\000s\000i\000n\000g\000\040\000A\000s\000y\000m\000m\000e\000t\000r\000i\000c\000\040\000G\000a\000m\000e\000s}{section.9}% 26
\BOOKMARK [1][-]{section.10}{\376\377\000C\000o\000n\000c\000l\000u\000s\000i\000o\000n}{}% 27
\BOOKMARK [1][-]{appendix.A}{\376\377\000P\000r\000o\000o\000f\000\040\000o\000f\000\040\000T\000h\000e\000o\000r\000e\000m\000\040\0006\000\040\000\050\000P\000r\000e\000d\000i\000c\000a\000t\000e\000\040\000H\000i\000e\000r\000a\000r\000c\000h\000y\000\051}{}% 28
\BOOKMARK [1][-]{appendix.B}{\376\377\000P\000r\000o\000o\000f\000\040\000o\000f\000\040\000T\000h\000e\000o\000r\000e\000m\000\040\0007\000\040\000\050\000C\000e\000r\000t\000i\000f\000i\000c\000a\000t\000i\000o\000n\000\040\000S\000o\000u\000n\000d\000n\000e\000s\000s\000\051}{}% 29
\BOOKMARK [1][-]{appendix.C}{\376\377\000P\000r\000o\000o\000f\000\040\000o\000f\000\040\000T\000h\000e\000o\000r\000e\000m\000\040\0008}{}% 30
\BOOKMARK [1][-]{appendix.D}{\376\377\000P\000r\000o\000o\000f\000\040\000o\000f\000\040\000L\000e\000m\000m\000a\000\040\0001\0000}{}% 31
